   Compiling cfg-if v1.0.4
   Compiling stable_deref_trait v1.2.1
   Compiling libc v0.2.183
   Compiling smallvec v1.15.1
   Compiling equivalent v1.0.2
   Compiling hashbrown v0.16.1
   Compiling zeroize v1.8.2
   Compiling log v0.4.29
   Compiling zerofrom v0.1.7
   Compiling foldhash v0.1.5
   Compiling typenum v1.19.0
   Compiling litemap v0.8.2
   Compiling cranelift-bitset v0.118.0
   Compiling yoke v0.8.2
   Compiling rustls-pki-types v1.14.0
   Compiling hashbrown v0.15.5
   Compiling allocator-api2 v0.2.21
   Compiling writeable v0.6.3
   Compiling cranelift-entity v0.118.0
   Compiling serde_core v1.0.228
   Compiling zerovec v0.11.6
   Compiling zerotrie v0.2.4
   Compiling arbitrary v1.4.2
   Compiling bumpalo v3.20.2
   Compiling getrandom v0.2.17
   Compiling utf8_iter v1.0.4
   Compiling generic-array v0.14.7
   Compiling rustc-hash v2.1.1
   Compiling cranelift-assembler-x64 v0.118.0
   Compiling cranelift-bforest v0.118.0
   Compiling indexmap v2.13.0
   Compiling target-lexicon v0.13.5
   Compiling untrusted v0.9.0
   Compiling tinystr v0.8.3
   Compiling potential_utf v0.1.5
   Compiling regalloc2 v0.11.2
   Compiling icu_collections v2.2.0
   Compiling icu_locale_core v2.2.0
   Compiling core-foundation-sys v0.8.7
   Compiling cranelift-codegen-shared v0.118.0
   Compiling cranelift-control v0.118.0
   Compiling ring v0.17.14
   Compiling icu_normalizer_data v2.2.0
   Compiling block-buffer v0.10.4
   Compiling crypto-common v0.1.7
   Compiling icu_properties_data v2.2.0
   Compiling gimli v0.31.1
   Compiling zerocopy v0.8.48
   Compiling aws-lc-sys v0.40.0
   Compiling powerfmt v0.2.0
   Compiling digest v0.10.7
   Compiling deranged v0.5.8
   Compiling core-foundation v0.9.4
   Compiling icu_provider v2.2.0
   Compiling aws-lc-rs v1.16.3
   Compiling security-framework-sys v2.17.0
   Compiling icu_properties v2.2.0
   Compiling icu_normalizer v2.2.0
   Compiling serde v1.0.228
   Compiling rand_core v0.6.4
   Compiling cpufeatures v0.2.17
   Compiling itoa v1.0.17
   Compiling num-conv v0.2.1
   Compiling time-core v0.1.8
   Compiling bitflags v2.11.1
   Compiling memchr v2.8.0
   Compiling time v0.3.47
   Compiling idna_adapter v1.2.1
   Compiling security-framework v2.11.1
   Compiling serde_spanned v0.6.9
   Compiling toml_datetime v0.6.11
   Compiling rustls-webpki v0.103.13
   Compiling crc32fast v1.5.0
   Compiling anyhow v1.0.103
   Compiling rustls-pemfile v2.2.0
   Compiling once_cell v1.21.4
   Compiling winnow v0.7.15
   Compiling toml_write v0.1.2
   Compiling percent-encoding v2.3.2
   Compiling bytes v1.11.1
   Compiling base64 v0.22.1
   Compiling subtle v2.6.1
   Compiling form_urlencoded v1.2.2
   Compiling thiserror v1.0.69
   Compiling pem v3.0.6
   Compiling rustls v0.23.38
   Compiling rustls-native-certs v0.7.3
   Compiling yasna v0.5.2
   Compiling cranelift-codegen v0.118.0
   Compiling http v1.4.0
   Compiling ppv-lite86 v0.2.21
   Compiling object v0.36.7
   Compiling libffi-sys v4.2.0
   Compiling rand_chacha v0.3.1
   Compiling zmij v1.0.21
   Compiling rand v0.8.6
   Compiling toml_edit v0.22.27
   Compiling httparse v1.10.1
   Compiling idna v1.1.0
   Compiling sha1 v0.10.6
   Compiling webpki-roots v1.0.7
   Compiling scopeguard v1.2.0
   Compiling data-encoding v2.10.0
   Compiling utf-8 v0.7.6
   Compiling byteorder v1.5.0
   Compiling corosensei v0.3.3
   Compiling url v2.5.8
   Compiling webpki-roots v0.26.11
   Compiling serde_json v1.0.149
   Compiling libffi v5.1.1
   Compiling rcgen v0.13.2
   Compiling sha2 v0.10.9
   Compiling mio v0.8.11
   Compiling toml v0.8.23
   Compiling tungstenite v0.24.0
   Compiling cranelift-module v0.118.0
   Compiling cranelift-frontend v0.118.0
   Compiling cranelift-native v0.118.0
   Compiling cranelift-object v0.118.0
   Compiling aura-compiler v0.3.3 (/Users/johnolafenwa/source2/Aurora/crates/aura-compiler)
    Finished `release` profile [optimized] target(s) in 4m 31s
     Running unittests src/lib.rs (target/foundations-profile/release/deps/aura_compiler-8b5a74b6747cf811)

running 2 tests
test mir_runtime::tests::mir_array_kernels_match_frozen_pre_vectorization_bits ... ok
test native_runtime::tests::direct_array_kernels_match_frozen_pre_vectorization_bits ... ok

test result: ok. 2 passed; 0 failed; 0 ignored; 0 measured; 1883 filtered out; finished in 5.62s

