{
  "int32": {
    "aura": {
      "samples_s": [
        0.03460316700000021,
        0.024487791000000314,
        0.023826083999999526,
        0.024372915999999023,
        0.024325417000000016,
        0.024371667000000485,
        0.024543166999999144,
        0.0240847500000001,
        0.023972207999999995,
        0.024320540999999807,
        0.024239666999999798
      ],
      "median_s": 0.024325417000000016,
      "best_s": 0.023826083999999526
    },
    "rust": {
      "samples_s": [
        0.01927312499999978,
        0.016845709000000042,
        0.01644329099999986,
        0.016309290999998893,
        0.016455457999999368,
        0.01642933400000146,
        0.017333833000000354,
        0.016399457999998646,
        0.01639633400000129,
        0.016255917000000508,
        0.01629279199999978
      ],
      "median_s": 0.01642933400000146,
      "best_s": 0.016255917000000508
    },
    "paired_ratios": [
      1.7954102928300733,
      1.4536515500772484,
      1.4489851210441833,
      1.4944191013576664,
      1.478258277587956,
      1.483423917244504,
      1.4159111259465027,
      1.468630853531994,
      1.4620468209538857,
      1.4961039109635614,
      1.4877540325807956
    ],
    "paired_median_ratio": 1.478258277587956
  },
  "int64": {
    "aura": {
      "samples_s": [
        0.010754874999999942,
        0.009568083999999644,
        0.0097782500000001,
        0.009611500000000106,
        0.009826874999999902,
        0.009424166000000511,
        0.009856375000000028,
        0.009676667000000805,
        0.010060999999998543,
        0.010009499999998894,
        0.00949162500000078
      ],
      "median_s": 0.0097782500000001,
      "best_s": 0.009424166000000511
    },
    "rust": {
      "samples_s": [
        0.017587540999999263,
        0.016337417000000798,
        0.01622366700000022,
        0.016276750000001172,
        0.016393584000001127,
        0.016337625000000244,
        0.016569374999999553,
        0.016452624999999443,
        0.016246458999999547,
        0.016294790999999975,
        0.01624691700000014
      ],
      "median_s": 0.016337417000000798,
      "best_s": 0.01622366700000022
    },
    "paired_ratios": [
      0.6115053264126231,
      0.5856546356134006,
      0.6027151568138058,
      0.5905048612284033,
      0.5994342054793648,
      0.5768381879251342,
      0.5948549658632444,
      0.5881533797798912,
      0.6192734059771932,
      0.6142760591405505,
      0.5842108382778529
    ],
    "paired_median_ratio": 0.5948549658632444
  }
}
